This is XeTeX, Version 3.141592653-2.6-0.999995 (TeX Live 2023) (preloaded format=xelatex 2023.7.21)  11 APR 2026 17:49
entering extended mode
 restricted \write18 enabled.
 %&-line parsing enabled.
**index.tex
(./index.tex
LaTeX2e <2023-06-01> patch level 1
L3 programming layer <2023-06-30>

! LaTeX Error: File `scrbook.cls' not found.

Type X to quit or <RETURN> to proceed,
or enter new name. (Default extension: cls)

Enter file name: 
! Emergency stop.
<read *> 
         
l.12 ^^M
         
Here is how much of TeX's memory you used:
 27 strings out of 477889
 512 string characters out of 5823215
 1908875 words of memory out of 5000000
 21036 multiletter control sequences out of 15000+600000
 558069 words of font info for 36 fonts, out of 8000000 for 9000
 14 hyphenation exceptions out of 8191
 19i,0n,29p,84b,17s stack positions out of 10000i,1000n,20000p,200000b,200000s

No pages of output.
